******************************************************************************
                  TI ARM Linker PC v16.9.0                     
******************************************************************************
>> Linked Fri Oct 11 13:55:01 2019

OUTPUT FILE NAME:   <TimerAndGPIOTest.out>
ENTRY POINT SYMBOL: "_c_int00"  address: 00002a5d


MEMORY CONFIGURATION

         name            origin    length      used     unused   attr    fill
----------------------  --------  ---------  --------  --------  ----  --------
  FLASH                 00000000   00040000  00003244  0003cdbc  R  X
  SRAM                  20000000   00008000  00000487  00007b79  RW X


SEGMENT ALLOCATION MAP

run origin  load origin   length   init length attrs members
----------  ----------- ---------- ----------- ----- -------
00000000    00000000    00003248   00003248    r-x
  00000000    00000000    0000026c   0000026c    r-- .intvecs
  0000026c    0000026c    00002980   00002980    r-x .text
  00002bec    00002bec    00000620   00000620    r-- .const
  00003210    00003210    00000038   00000038    r-- .cinit
20000000    20000000    00000487   00000000    rw-
  20000000    20000000    0000026c   00000000    rw- .vtable
  2000026c    2000026c    00000200   00000000    rw- .stack
  2000046c    2000046c    0000001b   00000000    rw- .data


SECTION ALLOCATION MAP

 output                                  attributes/
section   page    origin      length       input sections
--------  ----  ----------  ----------   ----------------
.intvecs   0    00000000    0000026c     
                  00000000    0000026c     tm4c123gh6pm_startup_ccs.obj (.intvecs)

.text      0    0000026c    00002980     
                  0000026c    00000f68     sysctl.obj (.text)
                  000011d4    00000b4c     gpio.obj (.text)
                  00001d20    00000656     timer.obj (.text)
                  00002376    00000002     rtsv7M4_T_le_v4SPD16_eabi.lib : mpu_init.obj (.text)
                  00002378    000003c0     interrupt.obj (.text)
                  00002738    00000134     main.obj (.text)
                  0000286c    0000009c     rtsv7M4_T_le_v4SPD16_eabi.lib : memcpy_t2.obj (.text)
                  00002908    0000007a                                   : memset_t2.obj (.text)
                  00002982    00000002                                   : startup.obj (.text)
                  00002984    00000070                                   : autoinit.obj (.text)
                  000029f4    00000068                                   : copy_decompress_lzss.obj (.text:decompress:lzss)
                  00002a5c    00000054                                   : boot.obj (.text)
                  00002ab0    00000054                                   : exit.obj (.text)
                  00002b04    0000004c                                   : cpy_tbl.obj (.text)
                  00002b50    0000003e     cpu.obj (.text)
                  00002b8e    00000002     --HOLE-- [fill = 0]
                  00002b90    00000018     rtsv7M4_T_le_v4SPD16_eabi.lib : args_main.obj (.text)
                  00002ba8    00000014                                   : _lock.obj (.text)
                  00002bbc    0000000e                                   : copy_decompress_none.obj (.text:decompress:none)
                  00002bca    0000000c                                   : copy_zero_init.obj (.text:decompress:ZI)
                  00002bd6    0000000c     tm4c123gh6pm_startup_ccs.obj (.text)
                  00002be2    00000006     sysctl.obj (.text:SysCtlDelay)
                  00002be8    00000004     rtsv7M4_T_le_v4SPD16_eabi.lib : pre_init.obj (.text)

.const     0    00002bec    00000620     
                  00002bec    000001b0     sysctl.obj (.const:g_pppui32XTALtoVCO)
                  00002d9c    000000c0     gpio.obj (.const:g_ppui32GPIOIntMapBlizzard)
                  00002e5c    000000c0     gpio.obj (.const:g_ppui32GPIOIntMapSnowflake)
                  00002f1c    0000009c     interrupt.obj (.const:g_pui32Regs)
                  00002fb8    00000090     gpio.obj (.const:g_pui32GPIOBaseAddrs)
                  00003048    0000006c     sysctl.obj (.const:g_pui32Xtals)
                  000030b4    00000060     timer.obj (.const:g_ppui32TimerIntMap)
                  00003114    00000040     timer.obj (.const:g_ppui32TimerIntMapSnowflake)
                  00003154    00000030     sysctl.obj (.const:g_sXTALtoMEMTIM)
                  00003184    00000020     interrupt.obj (.const:g_pui32Priority)
                  000031a4    00000014     interrupt.obj (.const:g_pui32Dii16Regs)
                  000031b8    00000014     interrupt.obj (.const:g_pui32EnRegs)
                  000031cc    00000014     interrupt.obj (.const:g_pui32PendRegs)
                  000031e0    00000014     interrupt.obj (.const:g_pui32UnpendRegs)
                  000031f4    00000008     sysctl.obj (.const:g_pui32VCOFrequencies)
                  000031fc    00000008     gpio.obj (.const)
                  00003204    00000008     timer.obj (.const)

.cinit     0    00003210    00000038     
                  00003210    00000011     (.cinit..data.load) [load image, compression = lzss]
                  00003221    00000003     --HOLE-- [fill = 0]
                  00003224    0000000c     (__TI_handler_table)
                  00003230    00000008     (.cinit..vtable.load) [load image, compression = zero_init]
                  00003238    00000010     (__TI_cinit_table)

.init_array 
*          0    00000000    00000000     UNINITIALIZED

.vtable    0    20000000    0000026c     UNINITIALIZED
                  20000000    0000026c     interrupt.obj (.vtable)

.stack     0    2000026c    00000200     UNINITIALIZED
                  2000026c    00000200     --HOLE--

.data      0    2000046c    0000001b     UNINITIALIZED
                  2000046c    0000000c     rtsv7M4_T_le_v4SPD16_eabi.lib : exit.obj (.data:$O1$$)
                  20000478    00000008                                   : _lock.obj (.data:$O1$$)
                  20000480    00000004                                   : stkdepth_vars.obj (.data)
                  20000484    00000003     main.obj (.data)

MODULE SUMMARY

       Module                         code    ro data   rw data
       ------                         ----    -------   -------
    .\
       tm4c123gh6pm_startup_ccs.obj   12      620       0      
       main.obj                       308     0         3      
    +--+------------------------------+-------+---------+---------+
       Total:                         320     620       3      
                                                               
    .\driverlib\
       sysctl.obj                     3950    596       0      
       gpio.obj                       2892    536       0      
       interrupt.obj                  960     268       620    
       timer.obj                      1622    168       0      
       cpu.obj                        62      0         0      
    +--+------------------------------+-------+---------+---------+
       Total:                         9486    1568      620    
                                                               
    C:\ti\ccsv7\tools\compiler\ti-cgt-arm_16.9.0.LTS\lib\rtsv7M4_T_le_v4SPD16_eabi.lib
       memcpy_t2.obj                  156     0         0      
       memset_t2.obj                  122     0         0      
       autoinit.obj                   112     0         0      
       copy_decompress_lzss.obj       104     0         0      
       exit.obj                       84      0         12     
       boot.obj                       84      0         0      
       cpy_tbl.obj                    76      0         0      
       _lock.obj                      20      0         8      
       args_main.obj                  24      0         0      
       copy_decompress_none.obj       14      0         0      
       copy_zero_init.obj             12      0         0      
       pre_init.obj                   4       0         0      
       stkdepth_vars.obj              0       0         4      
       mpu_init.obj                   2       0         0      
       startup.obj                    2       0         0      
    +--+------------------------------+-------+---------+---------+
       Total:                         816     0         24     
                                                               
       Stack:                         0       0         512    
       Linker Generated:              0       53        0      
    +--+------------------------------+-------+---------+---------+
       Grand Total:                   10622   2241      1159   


LINKER GENERATED COPY TABLES

__TI_cinit_table @ 00003238 records: 2, size/record: 8, table size: 16
	.data: load addr=00003210, load size=00000011 bytes, run addr=2000046c, run size=0000001b bytes, compression=lzss
	.vtable: load addr=00003230, load size=00000008 bytes, run addr=20000000, run size=0000026c bytes, compression=zero_init


LINKER GENERATED HANDLER TABLE

__TI_handler_table @ 00003224 records: 3, size/record: 4, table size: 12
	index: 0, handler: __TI_zero_init
	index: 1, handler: __TI_decompress_lzss
	index: 2, handler: __TI_decompress_none


GLOBAL SYMBOLS: SORTED ALPHABETICALLY BY Name 

address   name                            
-------   ----                            
00002ab1  C$$EXIT                         
00002b85  CPUbasepriGet                   
00002b77  CPUbasepriSet                   
00002b51  CPUcpsid                        
00002b67  CPUcpsie                        
00002b5d  CPUprimask                      
00002b73  CPUwfi                          
00001cfb  GPIOADCTriggerDisable           
00001cdd  GPIOADCTriggerEnable            
00001cbf  GPIODMATriggerDisable           
00001ca1  GPIODMATriggerEnable            
00001293  GPIODirModeGet                  
00001237  GPIODirModeSet                  
00001803  GPIOIntClear                    
000017c7  GPIOIntDisable                  
000017ad  GPIOIntEnable                   
00001817  GPIOIntRegister                 
000017e1  GPIOIntStatus                   
00001383  GPIOIntTypeGet                  
000012df  GPIOIntTypeSet                  
00001835  GPIOIntUnregister               
0000165b  GPIOPadConfigGet                
00001421  GPIOPadConfigSet                
00001c43  GPIOPinConfigure                
0000184f  GPIOPinRead                     
00001887  GPIOPinTypeADC                  
000018ab  GPIOPinTypeCAN                  
000018cf  GPIOPinTypeComparator           
000018f3  GPIOPinTypeComparatorOutput     
00001917  GPIOPinTypeDIVSCLK              
0000193b  GPIOPinTypeEPI                  
0000195f  GPIOPinTypeEthernetLED          
00001983  GPIOPinTypeEthernetMII          
000019a7  GPIOPinTypeGPIOInput            
000019cb  GPIOPinTypeGPIOOutput           
000019ef  GPIOPinTypeGPIOOutputOD         
00001a13  GPIOPinTypeHibernateRTCCLK      
00001a37  GPIOPinTypeI2C                  
00001a5b  GPIOPinTypeI2CSCL               
00001a7f  GPIOPinTypeLCD                  
00001aa3  GPIOPinTypeOneWire              
00001ac7  GPIOPinTypePWM                  
00001aeb  GPIOPinTypeQEI                  
00001b0f  GPIOPinTypeSSI                  
00001b33  GPIOPinTypeTimer                
00001b57  GPIOPinTypeTrace                
00001b7b  GPIOPinTypeUART                 
00001b9f  GPIOPinTypeUSBAnalog            
00001bc3  GPIOPinTypeUSBDigital           
00001be7  GPIOPinTypeWakeHigh             
00001c0d  GPIOPinTypeWakeLow              
00001c33  GPIOPinWakeStatus               
00001867  GPIOPinWrite                    
00002539  IntDisable                      
000024c7  IntEnable                       
000025ab  IntIsEnabled                    
0000238b  IntMasterDisable                
0000237b  IntMasterEnable                 
000026a1  IntPendClear                    
00002631  IntPendSet                      
000024a3  IntPriorityGet                  
0000241b  IntPriorityGroupingGet          
00002401  IntPriorityGroupingSet          
000026fb  IntPriorityMaskGet              
000026ef  IntPriorityMaskSet              
00002453  IntPrioritySet                  
0000239b  IntRegister                     
00002703  IntTrigger                      
000023ed  IntUnregister                   
00002bd7  ResetISR                        
UNDEFED   SHT$$INIT_ARRAY$$Base           
UNDEFED   SHT$$INIT_ARRAY$$Limit          
00001191  SysCtlAltClkConfig              
000008d9  SysCtlClockFreqSet              
00000d7d  SysCtlClockGet                  
00001175  SysCtlClockOutConfig            
00000bad  SysCtlClockSet                  
000007d9  SysCtlDeepSleep                 
00000f45  SysCtlDeepSleepClockConfigSet   
00000f29  SysCtlDeepSleepClockSet         
000007b9  SysCtlDeepSleepPowerSet         
00002be3  SysCtlDelay                     
00000365  SysCtlFlashSectorSizeGet        
00000339  SysCtlFlashSizeGet              
0000101b  SysCtlGPIOAHBDisable            
00000fff  SysCtlGPIOAHBEnable             
0000074d  SysCtlIntClear                  
00000735  SysCtlIntDisable                
00000721  SysCtlIntEnable                 
000006f9  SysCtlIntRegister               
0000075d  SysCtlIntStatus                 
00000711  SysCtlIntUnregister             
0000079f  SysCtlLDODeepSleepGet           
0000078f  SysCtlLDODeepSleepSet           
00000789  SysCtlLDOSleepGet               
00000779  SysCtlLDOSleepSet               
0000080f  SysCtlMOSCConfigSet             
00001159  SysCtlNMIClear                  
00001149  SysCtlNMIStatus                 
00000825  SysCtlPIOSCCalibrate            
00000fe9  SysCtlPWMClockGet               
00000fcf  SysCtlPWMClockSet               
000006a5  SysCtlPeripheralClockGating     
0000065d  SysCtlPeripheralDeepSleepDisable
0000060d  SysCtlPeripheralDeepSleepEnable 
00000549  SysCtlPeripheralDisable         
0000050d  SysCtlPeripheralEnable          
00000449  SysCtlPeripheralPowerOff        
0000040d  SysCtlPeripheralPowerOn         
0000038d  SysCtlPeripheralPresent         
000003cd  SysCtlPeripheralReady           
00000485  SysCtlPeripheralReset           
000005d1  SysCtlPeripheralSleepDisable    
0000058d  SysCtlPeripheralSleepEnable     
000007c9  SysCtlReset                     
00000885  SysCtlResetBehaviorGet          
00000875  SysCtlResetBehaviorSet          
000007fb  SysCtlResetCauseClear           
000007f5  SysCtlResetCauseGet             
0000032f  SysCtlSRAMSizeGet               
000007d1  SysCtlSleep                     
000007a5  SysCtlSleepPowerSet             
00001043  SysCtlUSBPLLDisable             
00001037  SysCtlUSBPLLEnable              
00001089  SysCtlVCOGet                    
00001075  SysCtlVoltageEventClear         
00001055  SysCtlVoltageEventConfig        
00001069  SysCtlVoltageEventStatus        
0000278b  Timer0IntHandler                
000022f5  TimerADCEventGet                
000022e3  TimerADCEventSet                
00002011  TimerClockSourceGet             
00001ff5  TimerClockSourceSet             
00001dd3  TimerConfigure                  
00001ef3  TimerControlEvent               
00001e4f  TimerControlLevel               
00001f1d  TimerControlStall               
00001e85  TimerControlTrigger             
00001f53  TimerControlWaitOnTrigger       
00002315  TimerDMAEventGet                
00002303  TimerDMAEventSet                
00001db5  TimerDisable                    
00001d97  TimerEnable                     
000022bf  TimerIntClear                   
00002289  TimerIntDisable                 
00002271  TimerIntEnable                  
0000222b  TimerIntRegister                
000022a1  TimerIntStatus                  
00002253  TimerIntUnregister              
000020db  TimerLoadGet                    
00002115  TimerLoadGet64                  
000020b1  TimerLoadSet                    
000020f7  TimerLoadSet64                  
000021bf  TimerMatchGet                   
000021f9  TimerMatchGet64                 
00002195  TimerMatchSet                   
000021db  TimerMatchSet64                 
0000204b  TimerPrescaleGet                
00002095  TimerPrescaleMatchGet           
00002067  TimerPrescaleMatchSet           
00002021  TimerPrescaleSet                
00001fc9  TimerRTCDisable                 
00001fb3  TimerRTCEnable                  
000022d1  TimerSynchronize                
00002323  TimerUpdateMode                 
00002147  TimerValueGet                   
00002163  TimerValueGet64                 
2000046c  __STACK_END                     
00000200  __STACK_SIZE                    
2000046c  __STACK_TOP                     
00003238  __TI_CINIT_Base                 
00003248  __TI_CINIT_Limit                
00003224  __TI_Handler_Table_Base         
00003230  __TI_Handler_Table_Limit        
00002985  __TI_auto_init                  
2000046c  __TI_cleanup_ptr                
000029f5  __TI_decompress_lzss            
00002bbd  __TI_decompress_none            
20000470  __TI_dtors_ptr                  
20000474  __TI_enable_exit_profile_output 
ffffffff  __TI_pprof_out_hndl             
ffffffff  __TI_prof_data_size             
ffffffff  __TI_prof_data_start            
00000000  __TI_static_base__              
00002bcb  __TI_zero_init                  
00002909  __aeabi_memclr                  
00002909  __aeabi_memclr4                 
00002909  __aeabi_memclr8                 
0000286d  __aeabi_memcpy                  
0000286d  __aeabi_memcpy4                 
0000286d  __aeabi_memcpy8                 
0000290b  __aeabi_memset                  
0000290b  __aeabi_memset4                 
0000290b  __aeabi_memset8                 
ffffffff  __binit__                       
ffffffff  __c_args__                      
00002377  __mpu_init                      
2000026c  __stack                         
00002b91  _args_main                      
00002a5d  _c_int00                        
20000478  _lock                           
00002bb7  _nop                            
00002baf  _register_lock                  
00002ba9  _register_unlock                
00002983  _system_post_cinit              
00002be9  _system_pre_init                
2000047c  _unlock                         
00002ab5  abort                           
ffffffff  binit                           
00002b05  copy_in                         
00002abd  exit                            
20000000  g_pfnRAMVectors                 
00000000  g_pfnVectors                    
00002739  main                            
20000480  main_func_sp                    
0000286d  memcpy                          
00002911  memset                          
20000486  phase                           
20000484  tick_count                      


GLOBAL SYMBOLS: SORTED BY Symbol Address 

address   name                            
-------   ----                            
00000000  __TI_static_base__              
00000000  g_pfnVectors                    
00000200  __STACK_SIZE                    
0000032f  SysCtlSRAMSizeGet               
00000339  SysCtlFlashSizeGet              
00000365  SysCtlFlashSectorSizeGet        
0000038d  SysCtlPeripheralPresent         
000003cd  SysCtlPeripheralReady           
0000040d  SysCtlPeripheralPowerOn         
00000449  SysCtlPeripheralPowerOff        
00000485  SysCtlPeripheralReset           
0000050d  SysCtlPeripheralEnable          
00000549  SysCtlPeripheralDisable         
0000058d  SysCtlPeripheralSleepEnable     
000005d1  SysCtlPeripheralSleepDisable    
0000060d  SysCtlPeripheralDeepSleepEnable 
0000065d  SysCtlPeripheralDeepSleepDisable
000006a5  SysCtlPeripheralClockGating     
000006f9  SysCtlIntRegister               
00000711  SysCtlIntUnregister             
00000721  SysCtlIntEnable                 
00000735  SysCtlIntDisable                
0000074d  SysCtlIntClear                  
0000075d  SysCtlIntStatus                 
00000779  SysCtlLDOSleepSet               
00000789  SysCtlLDOSleepGet               
0000078f  SysCtlLDODeepSleepSet           
0000079f  SysCtlLDODeepSleepGet           
000007a5  SysCtlSleepPowerSet             
000007b9  SysCtlDeepSleepPowerSet         
000007c9  SysCtlReset                     
000007d1  SysCtlSleep                     
000007d9  SysCtlDeepSleep                 
000007f5  SysCtlResetCauseGet             
000007fb  SysCtlResetCauseClear           
0000080f  SysCtlMOSCConfigSet             
00000825  SysCtlPIOSCCalibrate            
00000875  SysCtlResetBehaviorSet          
00000885  SysCtlResetBehaviorGet          
000008d9  SysCtlClockFreqSet              
00000bad  SysCtlClockSet                  
00000d7d  SysCtlClockGet                  
00000f29  SysCtlDeepSleepClockSet         
00000f45  SysCtlDeepSleepClockConfigSet   
00000fcf  SysCtlPWMClockSet               
00000fe9  SysCtlPWMClockGet               
00000fff  SysCtlGPIOAHBEnable             
0000101b  SysCtlGPIOAHBDisable            
00001037  SysCtlUSBPLLEnable              
00001043  SysCtlUSBPLLDisable             
00001055  SysCtlVoltageEventConfig        
00001069  SysCtlVoltageEventStatus        
00001075  SysCtlVoltageEventClear         
00001089  SysCtlVCOGet                    
00001149  SysCtlNMIStatus                 
00001159  SysCtlNMIClear                  
00001175  SysCtlClockOutConfig            
00001191  SysCtlAltClkConfig              
00001237  GPIODirModeSet                  
00001293  GPIODirModeGet                  
000012df  GPIOIntTypeSet                  
00001383  GPIOIntTypeGet                  
00001421  GPIOPadConfigSet                
0000165b  GPIOPadConfigGet                
000017ad  GPIOIntEnable                   
000017c7  GPIOIntDisable                  
000017e1  GPIOIntStatus                   
00001803  GPIOIntClear                    
00001817  GPIOIntRegister                 
00001835  GPIOIntUnregister               
0000184f  GPIOPinRead                     
00001867  GPIOPinWrite                    
00001887  GPIOPinTypeADC                  
000018ab  GPIOPinTypeCAN                  
000018cf  GPIOPinTypeComparator           
000018f3  GPIOPinTypeComparatorOutput     
00001917  GPIOPinTypeDIVSCLK              
0000193b  GPIOPinTypeEPI                  
0000195f  GPIOPinTypeEthernetLED          
00001983  GPIOPinTypeEthernetMII          
000019a7  GPIOPinTypeGPIOInput            
000019cb  GPIOPinTypeGPIOOutput           
000019ef  GPIOPinTypeGPIOOutputOD         
00001a13  GPIOPinTypeHibernateRTCCLK      
00001a37  GPIOPinTypeI2C                  
00001a5b  GPIOPinTypeI2CSCL               
00001a7f  GPIOPinTypeLCD                  
00001aa3  GPIOPinTypeOneWire              
00001ac7  GPIOPinTypePWM                  
00001aeb  GPIOPinTypeQEI                  
00001b0f  GPIOPinTypeSSI                  
00001b33  GPIOPinTypeTimer                
00001b57  GPIOPinTypeTrace                
00001b7b  GPIOPinTypeUART                 
00001b9f  GPIOPinTypeUSBAnalog            
00001bc3  GPIOPinTypeUSBDigital           
00001be7  GPIOPinTypeWakeHigh             
00001c0d  GPIOPinTypeWakeLow              
00001c33  GPIOPinWakeStatus               
00001c43  GPIOPinConfigure                
00001ca1  GPIODMATriggerEnable            
00001cbf  GPIODMATriggerDisable           
00001cdd  GPIOADCTriggerEnable            
00001cfb  GPIOADCTriggerDisable           
00001d97  TimerEnable                     
00001db5  TimerDisable                    
00001dd3  TimerConfigure                  
00001e4f  TimerControlLevel               
00001e85  TimerControlTrigger             
00001ef3  TimerControlEvent               
00001f1d  TimerControlStall               
00001f53  TimerControlWaitOnTrigger       
00001fb3  TimerRTCEnable                  
00001fc9  TimerRTCDisable                 
00001ff5  TimerClockSourceSet             
00002011  TimerClockSourceGet             
00002021  TimerPrescaleSet                
0000204b  TimerPrescaleGet                
00002067  TimerPrescaleMatchSet           
00002095  TimerPrescaleMatchGet           
000020b1  TimerLoadSet                    
000020db  TimerLoadGet                    
000020f7  TimerLoadSet64                  
00002115  TimerLoadGet64                  
00002147  TimerValueGet                   
00002163  TimerValueGet64                 
00002195  TimerMatchSet                   
000021bf  TimerMatchGet                   
000021db  TimerMatchSet64                 
000021f9  TimerMatchGet64                 
0000222b  TimerIntRegister                
00002253  TimerIntUnregister              
00002271  TimerIntEnable                  
00002289  TimerIntDisable                 
000022a1  TimerIntStatus                  
000022bf  TimerIntClear                   
000022d1  TimerSynchronize                
000022e3  TimerADCEventSet                
000022f5  TimerADCEventGet                
00002303  TimerDMAEventSet                
00002315  TimerDMAEventGet                
00002323  TimerUpdateMode                 
00002377  __mpu_init                      
0000237b  IntMasterEnable                 
0000238b  IntMasterDisable                
0000239b  IntRegister                     
000023ed  IntUnregister                   
00002401  IntPriorityGroupingSet          
0000241b  IntPriorityGroupingGet          
00002453  IntPrioritySet                  
000024a3  IntPriorityGet                  
000024c7  IntEnable                       
00002539  IntDisable                      
000025ab  IntIsEnabled                    
00002631  IntPendSet                      
000026a1  IntPendClear                    
000026ef  IntPriorityMaskSet              
000026fb  IntPriorityMaskGet              
00002703  IntTrigger                      
00002739  main                            
0000278b  Timer0IntHandler                
0000286d  __aeabi_memcpy                  
0000286d  __aeabi_memcpy4                 
0000286d  __aeabi_memcpy8                 
0000286d  memcpy                          
00002909  __aeabi_memclr                  
00002909  __aeabi_memclr4                 
00002909  __aeabi_memclr8                 
0000290b  __aeabi_memset                  
0000290b  __aeabi_memset4                 
0000290b  __aeabi_memset8                 
00002911  memset                          
00002983  _system_post_cinit              
00002985  __TI_auto_init                  
000029f5  __TI_decompress_lzss            
00002a5d  _c_int00                        
00002ab1  C$$EXIT                         
00002ab5  abort                           
00002abd  exit                            
00002b05  copy_in                         
00002b51  CPUcpsid                        
00002b5d  CPUprimask                      
00002b67  CPUcpsie                        
00002b73  CPUwfi                          
00002b77  CPUbasepriSet                   
00002b85  CPUbasepriGet                   
00002b91  _args_main                      
00002ba9  _register_unlock                
00002baf  _register_lock                  
00002bb7  _nop                            
00002bbd  __TI_decompress_none            
00002bcb  __TI_zero_init                  
00002bd7  ResetISR                        
00002be3  SysCtlDelay                     
00002be9  _system_pre_init                
00003224  __TI_Handler_Table_Base         
00003230  __TI_Handler_Table_Limit        
00003238  __TI_CINIT_Base                 
00003248  __TI_CINIT_Limit                
20000000  g_pfnRAMVectors                 
2000026c  __stack                         
2000046c  __STACK_END                     
2000046c  __STACK_TOP                     
2000046c  __TI_cleanup_ptr                
20000470  __TI_dtors_ptr                  
20000474  __TI_enable_exit_profile_output 
20000478  _lock                           
2000047c  _unlock                         
20000480  main_func_sp                    
20000484  tick_count                      
20000486  phase                           
ffffffff  __TI_pprof_out_hndl             
ffffffff  __TI_prof_data_size             
ffffffff  __TI_prof_data_start            
ffffffff  __binit__                       
ffffffff  __c_args__                      
ffffffff  binit                           
UNDEFED   SHT$$INIT_ARRAY$$Base           
UNDEFED   SHT$$INIT_ARRAY$$Limit          

[219 symbols]
